npm warn Unknown project config "always-auth". This will stop working in the next major version of npm. See `npm help npmrc` for supported config options.
Loaded secrets from Infisical { environment: 'prod', secretPath: '/', fetched: 20, injected: 0 }
[15:41:45.963] [32mINFO[39m (78727): [36mStage start[39m
    [35mmodule[39m: "pipeline:runner"
    [35mstage[39m: "domain-spec-loader"
    [35mversion[39m: "2.1.0"
    [35mattempt[39m: 1
[15:41:45.963] [32mINFO[39m (78727): [36mLoading domain spec[39m
    [35mmodule[39m: "stage:domain-spec-loader"
    [35mspecPath[39m: "fixtures/safehavenrr-golden-spec.yaml"
[15:41:45.969] [32mINFO[39m (78727): [36mDomain spec loaded[39m
    [35mmodule[39m: "stage:domain-spec-loader"
    [35mclientId[39m: "safehavenrr"
    [35mroutes[39m: 29
    [35mvertical[39m: "roofing_construction"
[15:41:45.988] [32mINFO[39m (78727): [36mStage OK[39m
    [35mmodule[39m: "pipeline:runner"
    [35mstage[39m: "domain-spec-loader"
    [35mdurationMs[39m: 18
    [35mevidenceRevision[39m: 2
[15:41:45.988] [32mINFO[39m (78727): [36mStage start[39m
    [35mmodule[39m: "pipeline:runner"
    [35mstage[39m: "unknown-resolver"
    [35mversion[39m: "3.0.0"
    [35mattempt[39m: 1
[15:41:45.988] [32mINFO[39m (78727): [36mUnknown resolution complete[39m
    [35mmodule[39m: "stage:unknown-resolver"
    [35mresolved[39m: 0
    [35mtotal[39m: 0
[15:41:46.002] [32mINFO[39m (78727): [36mStage OK[39m
    [35mmodule[39m: "pipeline:runner"
    [35mstage[39m: "unknown-resolver"
    [35mdurationMs[39m: 6
    [35mevidenceRevision[39m: 3
[15:41:46.002] [32mINFO[39m (78727): [36mStage start[39m
    [35mmodule[39m: "pipeline:runner"
    [35mstage[39m: "competitive-intelligence"
    [35mversion[39m: "1.0.0"
    [35mattempt[39m: 1
Pipeline FAILED: SEO-Bot Router 1.1.3 does not match Website-Bot Router 1.3.0
[15:41:46.035] [31mERROR[39m (78727): [36mStage FAILED[39m
    [35mmodule[39m: "pipeline:runner"
    [35mstage[39m: "competitive-intelligence"
    [35mdurationMs[39m: 9
    error: "SEO-Bot Router 1.1.3 does not match Website-Bot Router 1.3.0"
